// Jest Snapshot v1, https://jestjs.io/docs/snapshot-testing

exports[`<AnalyticsChart /> matches snapshot with reviews 1`] = `
<DocumentFragment>
  <div
    class="bg-white p-6 rounded-lg shadow"
  >
    <div
      class="flex items-baseline justify-between mb-4"
    >
      <h2
        class="text-lg font-semibold text-gray-800"
      >
        Review Analytics
      </h2>
      <div
        class="text-xs text-gray-500 uppercase tracking-wide"
      >
        Approved Â· day
      </div>
    </div>
    <div
      class="recharts-responsive-container"
      style="width: 100%; height: 260px; min-width: 0;"
    >
      <div
        style="width: 0px; height: 0px; overflow: visible;"
      />
    </div>
  </div>
</DocumentFragment>
`;

exports[`<AnalyticsChart /> matches snapshot without reviews 1`] = `
<DocumentFragment>
  <div
    class="bg-white p-6 rounded-lg shadow text-center text-gray-900"
  >
    No analytics data available.
  </div>
</DocumentFragment>
`;
