// Jest Snapshot v1, https://jestjs.io/docs/snapshot-testing

exports[`<ReviewCard /> matches snapshot 1`] = `
<DocumentFragment>
  <div
    class="bg-white p-6 rounded-lg shadow-sm border border-gray-200 hover:shadow-md transition-shadow"
  >
    <div
      class="flex items-start justify-between mb-4"
    >
      <div
        class="flex-1"
      >
        <h4
          class="font-semibold text-gray-900 mb-1"
        >
          Spacious 2 Bed
        </h4>
        <p
          class="text-sm text-gray-600"
        >
          by Jane Doe
        </p>
      </div>
      <div
        class="flex items-center gap-2"
      >
        <span
          class="capitalize px-2 py-1 text-xs rounded-full font-medium bg-blue-100 text-blue-800"
        >
          hostaway
        </span>
        <span
          class="text-sm text-gray-900"
        >
          Jan 08, 2025
        </span>
      </div>
    </div>
    <div
      class="mb-4"
    >
      <div
        class="flex items-center gap-1"
      >
        <svg
          aria-hidden="true"
          class="lucide lucide-star w-4 h-4 text-yellow-400 fill-yellow-400"
          fill="none"
          height="24"
          stroke="currentColor"
          stroke-linecap="round"
          stroke-linejoin="round"
          stroke-width="2"
          viewBox="0 0 24 24"
          width="24"
          xmlns="http://www.w3.org/2000/svg"
        >
          <path
            d="M11.525 2.295a.53.53 0 0 1 .95 0l2.31 4.679a2.123 2.123 0 0 0 1.595 1.16l5.166.756a.53.53 0 0 1 .294.904l-3.736 3.638a2.123 2.123 0 0 0-.611 1.878l.882 5.14a.53.53 0 0 1-.771.56l-4.618-2.428a2.122 2.122 0 0 0-1.973 0L6.396 21.01a.53.53 0 0 1-.77-.56l.881-5.139a2.122 2.122 0 0 0-.611-1.879L2.16 9.795a.53.53 0 0 1 .294-.906l5.165-.755a2.122 2.122 0 0 0 1.597-1.16z"
          />
        </svg>
        <svg
          aria-hidden="true"
          class="lucide lucide-star w-4 h-4 text-yellow-400 fill-yellow-400"
          fill="none"
          height="24"
          stroke="currentColor"
          stroke-linecap="round"
          stroke-linejoin="round"
          stroke-width="2"
          viewBox="0 0 24 24"
          width="24"
          xmlns="http://www.w3.org/2000/svg"
        >
          <path
            d="M11.525 2.295a.53.53 0 0 1 .95 0l2.31 4.679a2.123 2.123 0 0 0 1.595 1.16l5.166.756a.53.53 0 0 1 .294.904l-3.736 3.638a2.123 2.123 0 0 0-.611 1.878l.882 5.14a.53.53 0 0 1-.771.56l-4.618-2.428a2.122 2.122 0 0 0-1.973 0L6.396 21.01a.53.53 0 0 1-.77-.56l.881-5.139a2.122 2.122 0 0 0-.611-1.879L2.16 9.795a.53.53 0 0 1 .294-.906l5.165-.755a2.122 2.122 0 0 0 1.597-1.16z"
          />
        </svg>
        <svg
          aria-hidden="true"
          class="lucide lucide-star w-4 h-4 text-yellow-400 fill-yellow-400"
          fill="none"
          height="24"
          stroke="currentColor"
          stroke-linecap="round"
          stroke-linejoin="round"
          stroke-width="2"
          viewBox="0 0 24 24"
          width="24"
          xmlns="http://www.w3.org/2000/svg"
        >
          <path
            d="M11.525 2.295a.53.53 0 0 1 .95 0l2.31 4.679a2.123 2.123 0 0 0 1.595 1.16l5.166.756a.53.53 0 0 1 .294.904l-3.736 3.638a2.123 2.123 0 0 0-.611 1.878l.882 5.14a.53.53 0 0 1-.771.56l-4.618-2.428a2.122 2.122 0 0 0-1.973 0L6.396 21.01a.53.53 0 0 1-.77-.56l.881-5.139a2.122 2.122 0 0 0-.611-1.879L2.16 9.795a.53.53 0 0 1 .294-.906l5.165-.755a2.122 2.122 0 0 0 1.597-1.16z"
          />
        </svg>
        <svg
          aria-hidden="true"
          class="lucide lucide-star w-4 h-4 text-yellow-400 fill-yellow-400"
          fill="none"
          height="24"
          stroke="currentColor"
          stroke-linecap="round"
          stroke-linejoin="round"
          stroke-width="2"
          viewBox="0 0 24 24"
          width="24"
          xmlns="http://www.w3.org/2000/svg"
        >
          <path
            d="M11.525 2.295a.53.53 0 0 1 .95 0l2.31 4.679a2.123 2.123 0 0 0 1.595 1.16l5.166.756a.53.53 0 0 1 .294.904l-3.736 3.638a2.123 2.123 0 0 0-.611 1.878l.882 5.14a.53.53 0 0 1-.771.56l-4.618-2.428a2.122 2.122 0 0 0-1.973 0L6.396 21.01a.53.53 0 0 1-.77-.56l.881-5.139a2.122 2.122 0 0 0-.611-1.879L2.16 9.795a.53.53 0 0 1 .294-.906l5.165-.755a2.122 2.122 0 0 0 1.597-1.16z"
          />
        </svg>
        <svg
          aria-hidden="true"
          class="lucide lucide-star w-4 h-4 text-gray-300"
          fill="none"
          height="24"
          stroke="currentColor"
          stroke-linecap="round"
          stroke-linejoin="round"
          stroke-width="2"
          viewBox="0 0 24 24"
          width="24"
          xmlns="http://www.w3.org/2000/svg"
        >
          <path
            d="M11.525 2.295a.53.53 0 0 1 .95 0l2.31 4.679a2.123 2.123 0 0 0 1.595 1.16l5.166.756a.53.53 0 0 1 .294.904l-3.736 3.638a2.123 2.123 0 0 0-.611 1.878l.882 5.14a.53.53 0 0 1-.771.56l-4.618-2.428a2.122 2.122 0 0 0-1.973 0L6.396 21.01a.53.53 0 0 1-.77-.56l.881-5.139a2.122 2.122 0 0 0-.611-1.879L2.16 9.795a.53.53 0 0 1 .294-.906l5.165-.755a2.122 2.122 0 0 0 1.597-1.16z"
          />
        </svg>
        <span
          class="text-sm text-gray-600 ml-1"
        >
          4.2
        </span>
      </div>
    </div>
    <p
      class="text-gray-700 mb-2 line-clamp-3"
    >
      Lovely stay, clean and convenient.
    </p>
    <div
      class="grid grid-cols-2 md:grid-cols-3 gap-4 mb-4 text-sm"
    >
      <div
        class="flex justify-between items-center"
      >
        <span
          class="text-gray-900 capitalize"
        >
          cleanliness
        </span>
        <div
          class="flex items-center gap-1"
        >
          <svg
            aria-hidden="true"
            class="lucide lucide-star w-3 h-3 text-yellow-400 fill-yellow-400"
            fill="none"
            height="24"
            stroke="currentColor"
            stroke-linecap="round"
            stroke-linejoin="round"
            stroke-width="2"
            viewBox="0 0 24 24"
            width="24"
            xmlns="http://www.w3.org/2000/svg"
          >
            <path
              d="M11.525 2.295a.53.53 0 0 1 .95 0l2.31 4.679a2.123 2.123 0 0 0 1.595 1.16l5.166.756a.53.53 0 0 1 .294.904l-3.736 3.638a2.123 2.123 0 0 0-.611 1.878l.882 5.14a.53.53 0 0 1-.771.56l-4.618-2.428a2.122 2.122 0 0 0-1.973 0L6.396 21.01a.53.53 0 0 1-.77-.56l.881-5.139a2.122 2.122 0 0 0-.611-1.879L2.16 9.795a.53.53 0 0 1 .294-.906l5.165-.755a2.122 2.122 0 0 0 1.597-1.16z"
            />
          </svg>
          <span
            class="font-medium text-gray-700"
          >
            5
          </span>
        </div>
      </div>
      <div
        class="flex justify-between items-center"
      >
        <span
          class="text-gray-900 capitalize"
        >
          communication
        </span>
        <div
          class="flex items-center gap-1"
        >
          <svg
            aria-hidden="true"
            class="lucide lucide-star w-3 h-3 text-yellow-400 fill-yellow-400"
            fill="none"
            height="24"
            stroke="currentColor"
            stroke-linecap="round"
            stroke-linejoin="round"
            stroke-width="2"
            viewBox="0 0 24 24"
            width="24"
            xmlns="http://www.w3.org/2000/svg"
          >
            <path
              d="M11.525 2.295a.53.53 0 0 1 .95 0l2.31 4.679a2.123 2.123 0 0 0 1.595 1.16l5.166.756a.53.53 0 0 1 .294.904l-3.736 3.638a2.123 2.123 0 0 0-.611 1.878l.882 5.14a.53.53 0 0 1-.771.56l-4.618-2.428a2.122 2.122 0 0 0-1.973 0L6.396 21.01a.53.53 0 0 1-.77-.56l.881-5.139a2.122 2.122 0 0 0-.611-1.879L2.16 9.795a.53.53 0 0 1 .294-.906l5.165-.755a2.122 2.122 0 0 0 1.597-1.16z"
            />
          </svg>
          <span
            class="font-medium text-gray-700"
          >
            4
          </span>
        </div>
      </div>
    </div>
    <div
      class="flex items-center justify-between pt-4 border-t border-gray-200"
    >
      <div
        class="flex items-center gap-3"
      >
        <span
          class="flex items-center gap-1 text-yellow-600 text-sm font-medium"
        >
          <svg
            aria-hidden="true"
            class="lucide lucide-clock w-4 h-4"
            fill="none"
            height="24"
            stroke="currentColor"
            stroke-linecap="round"
            stroke-linejoin="round"
            stroke-width="2"
            viewBox="0 0 24 24"
            width="24"
            xmlns="http://www.w3.org/2000/svg"
          >
            <path
              d="M12 6v6l4 2"
            />
            <circle
              cx="12"
              cy="12"
              r="10"
            />
          </svg>
          Pending
        </span>
      </div>
      <div
        class="flex gap-2"
      >
        <button
          class="px-3 py-1 bg-green-600 text-white text-sm rounded-md hover:bg-green-700 transition-colors"
        >
          Approve
        </button>
      </div>
    </div>
  </div>
</DocumentFragment>
`;
